PS C:\GameDev\stack_tower> flutter run
Launching lib\main.dart on sdk gphone64 x86 64 in debug mode...
lib/game/stack_tower_game.dart:72:96: Error: Expected ']' before this.
      FlameAudio.audioCache.loadAll(['bgm_1.mp3', 'perfect.mp3', 'place.mp3', 'game_over.mp3']);
                                                                                          ^
Target kernel_snapshot_program failed: Exception


FAILURE: Build failed with an exception.

* What went wrong:
Execution failed for task ':app:compileFlutterBuildDebug'.
> Process 'command 'C:\Users\User\flutter\bin\flutter.bat'' finished with non-zero exit value 1

* Try:
> Run with --stacktrace option to get the stack trace.
> Run with --info or --debug option to get more log output.
> Run with --scan to get full insights.
> Get more help at https://help.gradle.org.

BUILD FAILED in 14s
Running Gradle task 'assembleDebug'...                             14,7s
Error: Gradle task assembleDebug failed with exit code 1
PS C:\GameDev\stack_tower> flutter run
Launching lib\main.dart on sdk gphone64 x86 64 in debug mode...
lib/game/stack_tower_game.dart:256:1: Error: Expected a declaration, but got ','.
, volume: 0.3);
^
lib/game/stack_tower_game.dart:256:3: Error: Variables must be declared using the keywords 'const', 'final', 'var' or a type name.
Try adding the name of the type of the variable or the keyword 'var'.
, volume: 0.3);
  ^^^^^^
lib/game/stack_tower_game.dart:256:3: Error: Expected ';' after this.
, volume: 0.3);
  ^^^^^^
lib/game/stack_tower_game.dart:256:9: Error: Expected a declaration, but got ':'.
, volume: 0.3);
        ^
lib/game/stack_tower_game.dart:256:11: Error: Expected a declaration, but got '0.3'.
, volume: 0.3);
          ^^^
lib/game/stack_tower_game.dart:256:14: Error: Expected a declaration, but got ')'.
, volume: 0.3);
             ^
lib/game/stack_tower_game.dart:256:15: Error: Unexpected token ';'.
, volume: 0.3);
              ^
lib/game/stack_tower_game.dart:257:3: Error: Expected a declaration, but got '}'.
  }
  ^
lib/game/stack_tower_game.dart:258:1: Error: Expected a declaration, but got '}'.
}
^
Target kernel_snapshot_program failed: Exception


FAILURE: Build failed with an exception.

* What went wrong:
Execution failed for task ':app:compileFlutterBuildDebug'.
> Process 'command 'C:\Users\User\flutter\bin\flutter.bat'' finished with non-zero exit value 1

* Try:
> Run with --stacktrace option to get the stack trace.
> Run with --info or --debug option to get more log output.
> Run with --scan to get full insights.
> Get more help at https://help.gradle.org.

BUILD FAILED in 8s
Running Gradle task 'assembleDebug'...                              8,6s
Error: Gradle task assembleDebug failed with exit code 1
PS C:\GameDev\stack_tower> flutter run
Launching lib\main.dart on sdk gphone64 x86 64 in debug mode...
Running Gradle task 'assembleDebug'...                             13,7s
√ Built build\app\outputs\flutter-apk\app-debug.apk
Installing build\app\outputs\flutter-apk\app-debug.apk...        2.072ms
D/FlutterJNI(15011): Beginning load of flutter...
D/FlutterJNI(15011): flutter (null) was loaded normally!
I/flutter (15011): [IMPORTANT:flutter/shell/platform/android/android_context_gl_impeller.cc(104)] Using the Impeller rendering backend (OpenGLES).
D/FlutterRenderer(15011): Width is zero. 0,0
Syncing files to device sdk gphone64 x86 64...                      92ms

Flutter run key commands.
r Hot reload. 
R Hot restart.
h List all available interactive commands.
d Detach (terminate "flutter run" but leave application running).
c Clear the screen
q Quit (terminate the application on the device).

A Dart VM Service on sdk gphone64 x86 64 is available at: http://127.0.0.1:55399/mDAq2Honu6Y=/
The Flutter DevTools debugger and profiler on sdk gphone64 x86 64 is available at: http://127.0.0.1:55399/mDAq2Honu6Y=/devtools/?uri=ws://127.0.0.1:55399/mDAq2Honu6Y=/ws
W/den.stack_tower(15011): Verification of float[] com.google.android.gms.common.internal.safeparcel.SafeParcelReader.createFloatArray(android.os.Parcel, int) took 101.867ms (215.97 bytecodes/s) (0B arena alloc)
I/Choreographer(15011): Skipped 97 frames!  The application may be doing too much work on its main thread.
D/ProfileInstaller(15011): Installing profile for com.aimaden.stack_tower
I/WindowExtensionsImpl(15011): Initializing Window Extensions, vendor API level=9, activity embedding enabled=true
D/FlutterRenderer(15011): Width is zero. 0,0
D/FlutterJNI(15011): Sending viewport metrics to the engine.
I/Choreographer(15011): Skipped 130 frames!  The application may be doing too much work on its main thread.
D/FlutterJNI(15011): Sending viewport metrics to the engine.
W/den.stack_tower(15011): Verification of java.lang.Object com.google.android.gms.ads.internal.client.zzbb.zzd(android.content.Context, boolean) took 105.369ms (1670.31 bytecodes/s) (0B arena alloc)
D/WindowLayoutComponentImpl(15011): Register WindowLayoutInfoListener on Context=com.aimaden.stack_tower.MainActivity@9969860, of which baseContext=android.app.ContextImpl@8e542b6
D/FlutterJNI(15011): Sending viewport metrics to the engine.
D/InsetsController(15011): hide(ime(), fromIme=false)
I/ImeTracker(15011): com.aimaden.stack_tower:33680303: onCancelled at PHASE_CLIENT_ALREADY_HIDDEN
W/den.stack_tower(15011): ClassLoaderContext classpath size mismatch. expected=1, found=0 (DLC[];PCL[base.apk*2941841013]{PCL[/system/framework/org.apache.http.legacy.jar*4247870504]#PCL[/system/framework/com.android.location.provider.jar*1570284764]#PCL[/system/framework/com.android.media.remotedisplay.jar*487574312]#PCL[/system_ext/framework/com.android.extensions.appfunctions.jar*2880224042]#PCL[/system_ext/framework/androidx.window.extensions.jar*1030441313]#PCL[/system_ext/framework/androidx.window.sidecar.jar*3860983653]} | DLC[];PCL[])
I/den.stack_tower(15011): Waiting for a blocking GC ClassLinker
W/den.stack_tower(15011): Verification of void com.google.android.gms.games.internal.zzan.<init>(com.google.android.gms.games.internal.zzah, int) took 731.582ms (23.24 bytecodes/s) (0B arena alloc)
W/den.stack_tower(15011): Suspending all threads took: 59.046ms
I/den.stack_tower(15011): NativeAlloc concurrent mark compact GC freed 3387KB AllocSpace bytes, 11(392KB) LOS objects, 49% free, 3426KB/6852KB, paused 108.821ms,28.535ms total 1.977s
I/den.stack_tower(15011): WaitForGcToComplete blocked ClassLinker on NativeAlloc for 1.145s
I/DynamiteModule(15011): Considering local module com.google.android.gms.ads.dynamite:0 and remote module com.google.android.gms.ads.dynamite:260480602
I/DynamiteModule(15011): Selected remote version of com.google.android.gms.ads.dynamite, version >= 260480602
V/DynamiteModule(15011): Dynamite loader version >= 2, using loadModule2NoCrashUtils
W/System  (15011): ClassLoader referenced unknown path: 
D/nativeloader(15011): Configuring clns-12 for other apk . target_sdk_version=37, uses_libraries=, library_path=/data/app/~~f9eNu_s0nqVM1Ca-jbmcGw==/com.google.android.gms-lMzmYG2tLlf-dzZPSegnhA==/lib/x86_64:/data/app/~~f9eNu_s0nqVM1Ca-jbmcGw==/com.google.android.gms-lMzmYG2tLlf-dzZPSegnhA==/base.apk!/lib/x86_64, permitted_path=/data:/mnt/expand:/data/user/0/com.google.android.gms
I/den.stack_tower(15011): AssetManager2(0x7a7a89b5cad8) locale list changing from [] to [en-US]
I/den.stack_tower(15011): AssetManager2(0x7a7a89b6d158) locale list changing from [] to [en-US]
I/den.stack_tower(15011): AssetManager2(0x7a7a89b615d8) locale list changing from [] to [en-US]
W/HWUI    (15011): Image decoding logging dropped!
D/ApplicationLoaders(15011): Returning zygote-cached class loader: /system/framework/org.apache.http.legacy.jar
D/ApplicationLoaders(15011): Returning zygote-cached class loader: /system/framework/com.android.location.provider.jar
D/ApplicationLoaders(15011): Returning zygote-cached class loader: /system/framework/com.android.media.remotedisplay.jar
D/ApplicationLoaders(15011): Returning zygote-cached class loader: /system_ext/framework/androidx.window.extensions.jar
D/ApplicationLoaders(15011): Returning zygote-cached class loader: /system_ext/framework/androidx.window.sidecar.jar
W/den.stack_tower(15011): Verification of void com.google.android.gms.ads.nonagon.inspector.i.a() took 114.442ms (96.12 bytecodes/s) (0B arena alloc)
D/AudioSystem(15011): onNewServiceWithAdapter: media.audio_flinger service obtained 0x7a7949bf67b0
D/AudioSystem(15011): getService: checking for service media.audio_flinger: 0x7a7a99bac970
V/MediaPlayer(15011): resetDrmState:  mDrmInfo=null mDrmProvisioningThread=null mPrepareDrmInProgress=false mActiveDrmScheme=false
V/MediaPlayer(15011): cleanDrmObj: mDrmObj=null mDrmSessionId=null
D/CompatChangeReporter(15011): Compat change id reported: 288912692; UID 10233; state: ENABLED
I/den.stack_tower(15011): AssetManager2(0x7a7a89b64af8) locale list changing from [] to [en-US]
I/WebViewFactory(15011): Loading com.google.android.webview version 147.0.7727.55 (code 772705508)
W/ResourcesManager(15011): Found a null ResourcesImpl, skipped.
I/den.stack_tower(15011): AssetManager2(0x7a7a89b74818) locale list changing from [] to [en-US]
I/den.stack_tower(15011): AssetManager2(0x7a7a89b663f8) locale list changing from [] to [en-US]
I/den.stack_tower(15011): AssetManager2(0x7a7a89b695f8) locale list changing from [] to [en-US]
I/den.stack_tower(15011): AssetManager2(0x7a7a89b66a38) locale list changing from [] to [en-US]
I/den.stack_tower(15011): AssetManager2(0x7a7a89b66718) locale list changing from [] to [en-US]
V/ResourcesManager(15011): The following library key has been added: ResourcesKey{ mHash=d9660951 mResDir=null mSplitDirs=[] mOverlayDirs=[] mLibDirs=[/data/app/~~FAzjuT7A2CkaV5F1Fz9TcA==/com.google.android.webview-42_Qx-35QeqzmpV8jF3lrg==/base.apk,/system/framework/android.test.base.jar] mDisplayId=0 mOverrideConfig=v36 mCompatInfo={420dpi always-compat} mLoaders=[]}
D/ApplicationLoaders(15011): Returning zygote-cached class loader: /system/framework/android.test.base.jar
D/ApplicationLoaders(15011): Returning zygote-cached class loader: /system_ext/framework/androidx.window.extensions.jar
W/den.stack_tower(15011): Loading /data/app/~~FAzjuT7A2CkaV5F1Fz9TcA==/com.google.android.webview-42_Qx-35QeqzmpV8jF3lrg==/oat/x86_64/base.odex non-executable as it requires an image which we failed to load
D/nativeloader(15011): Configuring clns-13 for other apk /data/app/~~FAzjuT7A2CkaV5F1Fz9TcA==/com.google.android.webview-42_Qx-35QeqzmpV8jF3lrg==/base.apk. target_sdk_version=36, uses_libraries=, library_path=/data/app/~~FAzjuT7A2CkaV5F1Fz9TcA==/com.google.android.webview-42_Qx-35QeqzmpV8jF3lrg==/lib/x86_64:/data/app/~~FAzjuT7A2CkaV5F1Fz9TcA==/com.google.android.webview-42_Qx-35QeqzmpV8jF3lrg==/base.apk!/lib/x86_64, permitted_path=/data:/mnt/expand
I/cr_WVCFactoryProvider(15011): version=147.0.7727.55 (772705508) minSdkVersion=29 multiprocess=true packageId=2 splits=<none>
D/nativeloader(15011): Load /data/app/~~FAzjuT7A2CkaV5F1Fz9TcA==/com.google.android.webview-42_Qx-35QeqzmpV8jF3lrg==/base.apk!/lib/x86_64/libwebviewchromium.so using class loader ns clns-13 (caller=/data/app/~~FAzjuT7A2CkaV5F1Fz9TcA==/com.google.android.webview-42_Qx-35QeqzmpV8jF3lrg==/base.apk): ok
D/nativeloader(15011): Load /system/lib64/libwebviewchromium_plat_support.so using class loader ns clns-13 (caller=/data/app/~~FAzjuT7A2CkaV5F1Fz9TcA==/com.google.android.webview-42_Qx-35QeqzmpV8jF3lrg==/base.apk): ok
E/chromium(15011): [0501/214121.436657:ERROR:android_webview/browser/variations/variations_seed_loader.cc:39] Seed missing signature.
I/chromium(15011): [INFO:android_webview/browser/variations/variations_seed_loader.cc:67] Failed to open file for reading.: No such file or directory (2)
I/cr_LibraryLoader(15011): Successfully loaded native library
I/cr_CachingUmaRecorder(15011): Flushed 22 samples from 21 histograms, 0 samples were dropped.
I/cr_ChildProcLH(15011): ScopedServiceBindingBatch.tryActivate: false
I/cr_CombinedPProvider(15011): #registerProvider() provider:WV.yk@15a5261 isPolicyCacheEnabled:false policyProvidersSize:0
I/cr_PolicyProvider(15011): #setManagerAndSource() 0
I/cr_DisplayManager(15011): Is Display Topology available: false
I/den.stack_tower(15011): AssetManager2(0x7a7a89b64e18) locale list changing from [] to [en-US]
I/den.stack_tower(15011): AssetManager2(0x7a7a89b65458) locale list changing from [] to [en-US]
I/cr_CombinedPProvider(15011): #linkNativeInternal() 1
I/cr_AppResProvider(15011): #getApplicationRestrictionsFromUserManager() Bundle[EMPTY_PARCEL]
I/cr_PolicyProvider(15011): #notifySettingsAvailable() 0
I/cr_CombinedPProvider(15011): #onSettingsAvailable() 0
I/cr_CombinedPProvider(15011): #flushPolicies()
I/den.stack_tower(15011): Background concurrent mark compact GC freed 2061KB AllocSpace bytes, 9(216KB) LOS objects, 49% free, 4888KB/9777KB, paused 4.449ms,3.059ms total 296.061ms  
W/chromium(15011): [WARNING:android_webview/browser/network_service/net_helpers.cc:137] HTTP Cache size is: 20971520
I/CameraManagerGlobal(15011): Connecting to camera service
I/DynamiteModule(15011): Considering local module com.google.android.gms.ads.dynamite:0 and remote module com.google.android.gms.ads.dynamite:260480602
I/DynamiteModule(15011): Selected remote version of com.google.android.gms.ads.dynamite, version >= 260480602
V/DynamiteModule(15011): Dynamite loader version >= 2, using loadModule2NoCrashUtils
I/den.stack_tower(15011): AssetManager2(0x7a7a89b647d8) locale list changing from [] to [en-US]
W/cr_media(15011): BLUETOOTH_CONNECT permission is missing.
W/cr_media(15011): getBluetoothAdapter() requires BLUETOOTH permission
W/cr_media(15011): registerBluetoothIntentsIfNeeded: Requires BLUETOOTH permission
I/den.stack_tower(15011): AssetManager2(0x7a7a89b64e18) locale list changing from [] to [en-US]
I/den.stack_tower(15011): AssetManager2(0x7a7a89b66718) locale list changing from [] to [en-US]
W/libc    (15011): Access denied finding property "vendor.mesa.log"
W/libc    (15011): Access denied finding property "vendor.mesa.log.file"
E/MESA    (15011): Failed to open rendernode: No such file or directory
D/AudioSystem(15011): onNewService: media.audio_policy service obtained 0x7a7a99be6bc0
D/AudioSystem(15011): getService: checking for service media.audio_policy: 0x7a7a99be6bc0
D/vulkan  (15011): searching for layers in '/data/app/~~expNUKAvKsrx39XRrjSzlA==/com.aimaden.stack_tower-Rf9vN3alXiAMIvjmFcqc3A==/lib/x86_64'
D/vulkan  (15011): searching for layers in '/data/app/~~expNUKAvKsrx39XRrjSzlA==/com.aimaden.stack_tower-Rf9vN3alXiAMIvjmFcqc3A==/base.apk!/lib/x86_64'
W/libc    (15011): Access denied finding property "vendor.mesa.vk.trace.per.submit"
W/libc    (15011): Access denied finding property "vendor.mesa.gallium.print.optio"
W/libc    (15011): Access denied finding property "vendor.mesa.vk.trace.frame"
W/libc    (15011): Access denied finding property "vendor.mesa.vk.wsi.headless.swa"
I/Ads     (15011): This request is sent from a test device.
W/den.stack_tower(15011): Verification of int m84.ewf.c(java.lang.Object, byte[], int, int, int, m84.etl) took 136.867ms (28319.34 bytecodes/s) (0B arena alloc)
W/den.stack_tower(15011): Verification of void com.google.android.gms.ads.nonagon.ad.interstitial.ai.<init>(com.google.android.gms.ads.nonagon.b, com.google.android.gms.ads.nonagon.util.appstats.a, com.google.android.gms.ads.nonagon.debug.c, com.google.android.gms.ads.nonagon.ad.event.en, com.google.android.gms.ads.nonagon.ad.common.dh, com.google.android.gms.ads.nonagon.render.cp, com.google.android.gms.ads.nonagon.render.customrendered.k, com.google.android.gms.ads.nonagon.slot.common.ae, com.google.android.gms.ads.nonagon.slot.common.i) took 141.056ms (20467.04 bytecodes/s) (0B arena alloc)
D/MediaCodecList(15011): codecHandlesFormat: no format, so no extra checks
D/CCodec  (15011): allocate(c2.android.mp3.decoder)
I/ApexCodecsLazy(15011): Failed to load libcom.android.media.swcodec.apexcodecs.so: dlopen failed: library "libcom.android.media.swcodec.apexcodecs.so" not found
I/Codec2Client(15011): Available Codec2 services: "default" "software"
I/CCodec  (15011): setting up 'default' as default (vendor) store
I/CCodec  (15011): Created component [c2.android.mp3.decoder] for [c2.android.mp3.decoder]
D/CCodecConfig(15011): read media type: audio/mpeg
D/ReflectedParamUpdater(15011): extent() != 1 for single value type: algo.buffers.max-count.values
D/ReflectedParamUpdater(15011): extent() != 1 for single value type: output.subscribed-indices.values
D/ReflectedParamUpdater(15011): extent() != 1 for single value type: input.buffers.allocator-ids.values
D/ReflectedParamUpdater(15011): extent() != 1 for single value type: output.buffers.allocator-ids.values
D/ReflectedParamUpdater(15011): extent() != 1 for single value type: algo.buffers.allocator-ids.values
D/ReflectedParamUpdater(15011): extent() != 1 for single value type: output.buffers.pool-ids.values
D/ReflectedParamUpdater(15011): extent() != 1 for single value type: algo.buffers.pool-ids.values
I/CCodecConfig(15011): query failed after returning 8 values (BAD_INDEX)
D/CCodecConfig(15011): c2 config diff is Dict {
D/CCodecConfig(15011):   c2::u32 coded.bitrate.value = 64000
D/CCodecConfig(15011):   c2::u32 input.buffers.max-size.value = 8192
D/CCodecConfig(15011):   c2::u32 input.delay.value = 0
D/CCodecConfig(15011):   string input.media-type.value = "audio/mpeg"
D/CCodecConfig(15011):   c2::u32 output.large-frame.max-size = 0
D/CCodecConfig(15011):   c2::u32 output.large-frame.threshold-size = 0
D/CCodecConfig(15011):   string output.media-type.value = "audio/raw"
D/CCodecConfig(15011):   c2::u32 raw.channel-count.value = 2
D/CCodecConfig(15011):   c2::u32 raw.sample-rate.value = 44100
D/CCodecConfig(15011): }
E/MediaCodec(15011): Media Quality Service not found.
D/CCodec  (15011): [c2.android.mp3.decoder] buffers are bound to CCodec for this session
D/CCodecConfig(15011): no c2 equivalents for durationUs
D/CCodecConfig(15011): no c2 equivalents for track-id
D/CCodecConfig(15011): no c2 equivalents for flags
D/CCodecConfig(15011): c2 config diff is   c2::u32 coded.bitrate.value = 256000
D/CCodecConfig(15011):   c2::u32 raw.channel-count.value = 1
W/Codec2Client(15011): query -- param skipped: index = 1107298332.
D/CCodec  (15011): encoding statistics level = 0
D/CCodec  (15011): setup formats input: AMessage(what = 0x00000000) = {
D/CCodec  (15011):   int32_t bitrate = 256000
D/CCodec  (15011):   int32_t channel-count = 1
D/CCodec  (15011):   int32_t max-input-size = 8192
D/CCodec  (15011):   string mime = "audio/mpeg"
D/CCodec  (15011):   int32_t sample-rate = 44100
D/CCodec  (15011): }
D/CCodec  (15011): setup formats output: AMessage(what = 0x00000000) = {
D/CCodec  (15011):   int32_t buffer-batch-max-output-size = 0
D/CCodec  (15011):   int32_t buffer-batch-threshold-output-size = 0
D/CCodec  (15011):   int32_t channel-count = 1
D/CCodec  (15011):   string mime = "audio/raw"
D/CCodec  (15011):   int32_t sample-rate = 44100
D/CCodec  (15011):   int32_t android._config-pcm-encoding = 2
D/CCodec  (15011): }
I/CCodecConfig(15011): query failed after returning 8 values (BAD_INDEX)
E/den.stack_tower(15011): Failed to query component interface for required system resources: 6
W/Codec2Client(15011): query -- param skipped: index = 1342179345.
W/Codec2Client(15011): query -- param skipped: index = 2415921170.
D/C2Store (15011): Using DMABUF Heaps
D/CCodecBufferChannel(15011): [c2.android.mp3.decoder#515] Created input block pool with allocatorID 16 => poolID 17 - OK (0)
I/CCodecBufferChannel(15011): [c2.android.mp3.decoder#515] Created output block pool with allocatorID 16 => poolID 176 - OK
D/CCodecBufferChannel(15011): [c2.android.mp3.decoder#515] Configured output block pool ids 176 => OK
I/DMABUFHEAPS(15011): Using DMA-BUF heap named: system
D/CCodecBufferChannel(15011): [c2.android.mp3.decoder#515] MediaCodec discarded an unknown buffer
D/CCodecBufferChannel(15011): [c2.android.mp3.decoder#515] MediaCodec discarded an unknown buffer
D/CCodecBufferChannel(15011): [c2.android.mp3.decoder#515] MediaCodec discarded an unknown buffer
I/hw-BpHwBinder(15011): onLastStrongRef automatically unlinking death recipients
W/den.stack_tower(15011): Verification of void m84.eiy.<clinit>() took 102.195ms (1604.77 bytecodes/s) (0B arena alloc)
D/MediaCodecList(15011): codecHandlesFormat: no format, so no extra checks
D/CCodec  (15011): allocate(c2.android.mp3.decoder)
I/CCodec  (15011): setting up 'default' as default (vendor) store
I/CCodec  (15011): Created component [c2.android.mp3.decoder] for [c2.android.mp3.decoder]
D/CCodecConfig(15011): read media type: audio/mpeg
D/ReflectedParamUpdater(15011): extent() != 1 for single value type: algo.buffers.max-count.values
D/ReflectedParamUpdater(15011): extent() != 1 for single value type: output.subscribed-indices.values
D/ReflectedParamUpdater(15011): extent() != 1 for single value type: input.buffers.allocator-ids.values
D/ReflectedParamUpdater(15011): extent() != 1 for single value type: output.buffers.allocator-ids.values
D/ReflectedParamUpdater(15011): extent() != 1 for single value type: algo.buffers.allocator-ids.values
D/ReflectedParamUpdater(15011): extent() != 1 for single value type: output.buffers.pool-ids.values
D/ReflectedParamUpdater(15011): extent() != 1 for single value type: algo.buffers.pool-ids.values
I/CCodecConfig(15011): query failed after returning 8 values (BAD_INDEX)
D/CCodecConfig(15011): c2 config diff is Dict {
D/CCodecConfig(15011):   c2::u32 coded.bitrate.value = 64000
D/CCodecConfig(15011):   c2::u32 input.buffers.max-size.value = 8192
D/CCodecConfig(15011):   c2::u32 input.delay.value = 0
D/CCodecConfig(15011):   string input.media-type.value = "audio/mpeg"
D/CCodecConfig(15011):   c2::u32 output.large-frame.max-size = 0
D/CCodecConfig(15011):   c2::u32 output.large-frame.threshold-size = 0
D/CCodecConfig(15011):   string output.media-type.value = "audio/raw"
D/CCodecConfig(15011):   c2::u32 raw.channel-count.value = 2
D/CCodecConfig(15011):   c2::u32 raw.sample-rate.value = 44100
D/CCodecConfig(15011): }
E/MediaCodec(15011): Media Quality Service not found.
D/CCodec  (15011): [c2.android.mp3.decoder] buffers are bound to CCodec for this session
D/CCodecConfig(15011): no c2 equivalents for durationUs
D/CCodecConfig(15011): no c2 equivalents for track-id
D/CCodecConfig(15011): no c2 equivalents for flags
D/CCodecConfig(15011): c2 config diff is   c2::u32 coded.bitrate.value = 256000
D/CCodecConfig(15011):   c2::u32 raw.channel-count.value = 1
W/Codec2Client(15011): query -- param skipped: index = 1107298332.
D/CCodec  (15011): encoding statistics level = 0
D/CCodec  (15011): setup formats input: AMessage(what = 0x00000000) = {
D/CCodec  (15011):   int32_t bitrate = 256000
D/CCodec  (15011):   int32_t channel-count = 1
D/CCodec  (15011):   int32_t max-input-size = 8192
D/CCodec  (15011):   string mime = "audio/mpeg"
D/CCodec  (15011):   int32_t sample-rate = 44100
D/CCodec  (15011): }
D/CCodec  (15011): setup formats output: AMessage(what = 0x00000000) = {
D/CCodec  (15011):   int32_t buffer-batch-max-output-size = 0
D/CCodec  (15011):   int32_t buffer-batch-threshold-output-size = 0
D/CCodec  (15011):   int32_t channel-count = 1
D/CCodec  (15011):   string mime = "audio/raw"
D/CCodec  (15011):   int32_t sample-rate = 44100
D/CCodec  (15011):   int32_t android._config-pcm-encoding = 2
D/CCodec  (15011): }
I/CCodecConfig(15011): query failed after returning 8 values (BAD_INDEX)
E/den.stack_tower(15011): Failed to query component interface for required system resources: 6
W/Codec2Client(15011): query -- param skipped: index = 1342179345.
W/Codec2Client(15011): query -- param skipped: index = 2415921170.
D/CCodecBufferChannel(15011): [c2.android.mp3.decoder#836] Created input block pool with allocatorID 16 => poolID 18 - OK (0)
I/CCodecBufferChannel(15011): [c2.android.mp3.decoder#836] Created output block pool with allocatorID 16 => poolID 178 - OK
D/CCodecBufferChannel(15011): [c2.android.mp3.decoder#836] Configured output block pool ids 178 => OK
D/CCodecBufferChannel(15011): [c2.android.mp3.decoder#836] MediaCodec discarded an unknown buffer
D/CCodecBufferChannel(15011): [c2.android.mp3.decoder#836] MediaCodec discarded an unknown buffer
I/hw-BpHwBinder(15011): onLastStrongRef automatically unlinking death recipients
E/cr_AwSupervisedUserDel(15011): Unable to determine if restricted content blocking is required. Exception: java.util.concurrent.TimeoutException
W/den.stack_tower(15011): Verification of void m84.eea.<clinit>() took 153.137ms (450.57 bytecodes/s) (0B arena alloc)
I/Ads     (15011): JS: The jsLoaded GMSG has been sent (https://googleads.g.doubleclick.net/mads/static/sdk/native/sdk-core-v40.html:1072)
I/chromium(15011): [INFO:CONSOLE:1072] "The jsLoaded GMSG has been sent", source: https://googleads.g.doubleclick.net/mads/static/sdk/native/sdk-core-v40.html (1072)
W/Ads     (15011): Invoke Firebase method getInstance error.
W/Ads     (15011): The Google Mobile Ads SDK will not integrate with Firebase. Admob/Firebase integration requires the latest Firebase SDK jar, but Firebase SDK is either missing or out of date
W/den.stack_tower(15011): Suspending all threads took: 24.399ms
W/ServiceBindIntentUtils(15011): Dynamic lookup for intent failed for action: com.google.android.gms.ads.service.CACHE
I/DynamiteModule(15011): Considering local module com.google.android.gms.ads.dynamite:0 and remote module com.google.android.gms.ads.dynamite:260480602
I/DynamiteModule(15011): Selected remote version of com.google.android.gms.ads.dynamite, version >= 260480602
V/DynamiteModule(15011): Dynamite loader version >= 2, using loadModule2NoCrashUtils
I/den.stack_tower(15011): AssetManager2(0x7a7a89b78ff8) locale list changing from [] to [en-US]
W/ServiceBindIntentUtils(15011): Dynamic lookup for intent failed for action: com.google.android.gms.ads.service.START
I/den.stack_tower(15011): AssetManager2(0x7a7a89b7af38) locale list changing from [] to [en-US]
I/den.stack_tower(15011): Background concurrent mark compact GC freed 5151KB AllocSpace bytes, 13(456KB) LOS objects, 49% free, 7106KB/13MB, paused 30.348ms,40.570ms total 2.321s
I/den.stack_tower(15011): AssetManager2(0x7a7a89b79318) locale list changing from [] to [en-US]
I/Ads     (15011): This request is sent from a test device.
W/Ads     (15011): Not retrying to fetch app settings
D/BufferPoolAccessor2.0(15011): bufferpool2 0x7a79e9b92458 : 0(0 size) total buffers - 0(0 size) used buffers - 0/5 (recycle/alloc) - 4/8 (fetch/transfer)
D/BufferPoolAccessor2.0(15011): evictor expired: 1, evicted: 1
D/BufferPoolAccessor2.0(15011): bufferpool2 0x7a79e9bbe7f8 : 0(0 size) total buffers - 0(0 size) used buffers - 0/5 (recycle/alloc) - 4/32 (fetch/transfer)
D/BufferPoolAccessor2.0(15011): evictor expired: 1, evicted: 1
W/den.stack_tower(15011): Suspending all threads took: 11.786ms
I/den.stack_tower(15011): Background concurrent mark compact GC freed 5024KB AllocSpace bytes, 14(1888KB) LOS objects, 49% free, 9382KB/18MB, paused 32.815ms,12.698ms total 1.423s
I/Ads     (15011): JS: The jsLoaded GMSG has been sent (https://googleads.g.doubleclick.net/mads/static/sdk/native/sdk-core-v40.html:1072)
I/chromium(15011): [INFO:CONSOLE:1072] "The jsLoaded GMSG has been sent", source: https://googleads.g.doubleclick.net/mads/static/sdk/native/sdk-core-v40.html (1072)
E/Ads     (15011): JS: Error: <svg> attribute viewBox: Unexpected end of attribute. Expected number, "0 0  ". (https://pagead2.googlesyndication.com/:1)
I/chromium(15011): [INFO:CONSOLE:1] "Error: <svg> attribute viewBox: Unexpected end of attribute. Expected number, "0 0  ".", source: https://pagead2.googlesyndication.com/ (1)
E/Ads     (15011): JS: Error: <svg> attribute viewBox: Unexpected end of attribute. Expected number, "0 0  ". (https://pagead2.googlesyndication.com/:1)
I/chromium(15011): [INFO:CONSOLE:1] "Error: <svg> attribute viewBox: Unexpected end of attribute. Expected number, "0 0  ".", source: https://pagead2.googlesyndication.com/ (1)
E/Ads     (15011): JS: Error: <svg> attribute viewBox: Unexpected end of attribute. Expected number, "0 0  ". (https://pagead2.googlesyndication.com/:1)
I/chromium(15011): [INFO:CONSOLE:1] "Error: <svg> attribute viewBox: Unexpected end of attribute. Expected number, "0 0  ".", source: https://pagead2.googlesyndication.com/ (1)      
W/Ads     (15011): canOpenAppGmsgHandler disabled.
W/Ads     (15011): canOpenAppGmsgHandler disabled.
W/Ads     (15011): canOpenAppGmsgHandler disabled.
W/Ads     (15011): canOpenAppGmsgHandler disabled.
W/Ads     (15011): canOpenAppGmsgHandler disabled.
W/Ads     (15011): canOpenAppGmsgHandler disabled.
W/Ads     (15011): canOpenAppGmsgHandler disabled.
W/Ads     (15011): canOpenAppGmsgHandler disabled.
W/Ads     (15011): canOpenAppGmsgHandler disabled.
W/Ads     (15011): canOpenAppGmsgHandler disabled.
W/Ads     (15011): canOpenAppGmsgHandler disabled.
W/Ads     (15011): canOpenAppGmsgHandler disabled.
W/Ads     (15011): canOpenAppGmsgHandler disabled.
W/Ads     (15011): canOpenAppGmsgHandler disabled.
D/MediaCodecList(15011): codecHandlesFormat: no format, so no extra checks
D/CCodec  (15011): allocate(c2.android.mp3.decoder)
I/CCodec  (15011): setting up 'default' as default (vendor) store
I/CCodec  (15011): Created component [c2.android.mp3.decoder] for [c2.android.mp3.decoder]
D/CCodecConfig(15011): read media type: audio/mpeg
D/BufferPoolAccessor2.0(15011): bufferpool2 0x7a79e9b92458 : 0(0 size) total buffers - 0(0 size) used buffers - 0/5 (recycle/alloc) - 4/8 (fetch/transfer)
D/BufferPoolAccessor2.0(15011): Destruction - bufferpool2 0x7a79e9b92458 cached: 0/0M, 0/0% in use; allocs: 5, 0% recycled; transfers: 8, 50% unfetched
D/BufferPoolAccessor2.0(15011): bufferpool2 0x7a79e9bbe7f8 : 0(0 size) total buffers - 0(0 size) used buffers - 0/5 (recycle/alloc) - 4/32 (fetch/transfer)
D/BufferPoolAccessor2.0(15011): Destruction - bufferpool2 0x7a79e9bbe7f8 cached: 0/0M, 0/0% in use; allocs: 5, 0% recycled; transfers: 32, 88% unfetched
D/ReflectedParamUpdater(15011): extent() != 1 for single value type: algo.buffers.max-count.values
D/ReflectedParamUpdater(15011): extent() != 1 for single value type: output.subscribed-indices.values
D/ReflectedParamUpdater(15011): extent() != 1 for single value type: input.buffers.allocator-ids.values
D/ReflectedParamUpdater(15011): extent() != 1 for single value type: output.buffers.allocator-ids.values
D/ReflectedParamUpdater(15011): extent() != 1 for single value type: algo.buffers.allocator-ids.values
D/ReflectedParamUpdater(15011): extent() != 1 for single value type: output.buffers.pool-ids.values
D/ReflectedParamUpdater(15011): extent() != 1 for single value type: algo.buffers.pool-ids.values
I/CCodecConfig(15011): query failed after returning 8 values (BAD_INDEX)
D/CCodecConfig(15011): c2 config diff is Dict {
D/CCodecConfig(15011):   c2::u32 coded.bitrate.value = 64000
D/CCodecConfig(15011):   c2::u32 input.buffers.max-size.value = 8192
D/CCodecConfig(15011):   c2::u32 input.delay.value = 0
D/CCodecConfig(15011):   string input.media-type.value = "audio/mpeg"
D/CCodecConfig(15011):   c2::u32 output.large-frame.max-size = 0
D/CCodecConfig(15011):   c2::u32 output.large-frame.threshold-size = 0
D/CCodecConfig(15011):   string output.media-type.value = "audio/raw"
D/CCodecConfig(15011):   c2::u32 raw.channel-count.value = 2
D/CCodecConfig(15011):   c2::u32 raw.sample-rate.value = 44100
D/CCodecConfig(15011): }
E/MediaCodec(15011): Media Quality Service not found.
D/CCodec  (15011): [c2.android.mp3.decoder] buffers are bound to CCodec for this session
D/CCodecConfig(15011): no c2 equivalents for durationUs
D/CCodecConfig(15011): no c2 equivalents for track-id
D/CCodecConfig(15011): no c2 equivalents for flags
D/CCodecConfig(15011): c2 config diff is   c2::u32 coded.bitrate.value = 256000
W/Codec2Client(15011): query -- param skipped: index = 1107298332.
D/CCodec  (15011): encoding statistics level = 0
D/CCodec  (15011): setup formats input: AMessage(what = 0x00000000) = {
D/CCodec  (15011):   int32_t bitrate = 256000
D/CCodec  (15011):   int32_t channel-count = 2
D/CCodec  (15011):   int32_t max-input-size = 8192
D/CCodec  (15011):   string mime = "audio/mpeg"
D/CCodec  (15011):   int32_t sample-rate = 44100
D/CCodec  (15011): }
D/CCodec  (15011): setup formats output: AMessage(what = 0x00000000) = {
D/CCodec  (15011):   int32_t buffer-batch-max-output-size = 0
D/CCodec  (15011):   int32_t buffer-batch-threshold-output-size = 0
D/CCodec  (15011):   int32_t channel-count = 2
D/CCodec  (15011):   string mime = "audio/raw"
D/CCodec  (15011):   int32_t sample-rate = 44100
D/CCodec  (15011):   int32_t android._config-pcm-encoding = 2
D/CCodec  (15011): }
I/CCodecConfig(15011): query failed after returning 8 values (BAD_INDEX)
E/den.stack_tower(15011): Failed to query component interface for required system resources: 6
W/Codec2Client(15011): query -- param skipped: index = 1342179345.
W/Codec2Client(15011): query -- param skipped: index = 2415921170.
D/CCodecBufferChannel(15011): [c2.android.mp3.decoder#608] Created input block pool with allocatorID 16 => poolID 19 - OK (0)
I/CCodecBufferChannel(15011): [c2.android.mp3.decoder#608] Created output block pool with allocatorID 16 => poolID 180 - OK
D/CCodecBufferChannel(15011): [c2.android.mp3.decoder#608] Configured output block pool ids 180 => OK
I/DynamiteModule(15011): Considering local module com.google.android.gms.ads.dynamite:0 and remote module com.google.android.gms.ads.dynamite:260480602
I/DynamiteModule(15011): Selected remote version of com.google.android.gms.ads.dynamite, version >= 260480602
I/den.stack_tower(15011): AssetManager2(0x7a7a89b87738) locale list changing from [] to [en-US]
I/den.stack_tower(15011): AssetManager2(0x7a7a89b86dd8) locale list changing from [] to [en-US]
I/den.stack_tower(15011): AssetManager2(0x7a7a89b89cb8) locale list changing from [] to [en-US]
D/CCodecBufferChannel(15011): [c2.android.mp3.decoder#608] MediaCodec discarded an unknown buffer
D/CCodecBufferChannel(15011): [c2.android.mp3.decoder#608] MediaCodec discarded an unknown buffer
D/CCodecBufferChannel(15011): [c2.android.mp3.decoder#608] MediaCodec discarded an unknown buffer
I/hw-BpHwBinder(15011): onLastStrongRef automatically unlinking death recipients
I/PlayCore(15011): UID: [10233]  PID: [15011] PrewarmService : prewarm(com.aimaden.stack_tower)
I/PlayCore(15011): UID: [10233]  PID: [15011] PrewarmService : Initiate binding to the service.
I/ExoPlayerImpl(15011): Init bb22853 [AndroidXMedia3/1.9.0] [emu64xa, sdk_gphone64_x86_64, Google, 36]
I/Ads     (15011): ExoPlayerAdapter initialized.
I/PlayCore(15011): UID: [10233]  PID: [15011] PrewarmService : ServiceConnectionImpl.onServiceConnected(ComponentInfo{com.android.vending/com.google.android.finsky.prewarmservice.PrewarmService})
I/Choreographer(15011): Skipped 59 frames!  The application may be doing too much work on its main thread.
W/den.stack_tower(15011): Verification of int m84.axc.a(m84.atl, m84.aub) took 149.375ms (8133.84 bytecodes/s) (0B arena alloc)
W/den.stack_tower(15011): Verification of void m84.avo.l(int) took 180.273ms (17750.85 bytecodes/s) (0B arena alloc)
I/PlayCore(15011): UID: [10233]  PID: [15011] PrewarmService : linkToDeath

Application finished.
PS C:\GameDev\stack_tower> 